// Jest Snapshot v1, https://goo.gl/fbAQLP

exports[`Header test renders correctly 1`] = `
<View
  style={
    Object {
      "paddingVertical": 6,
      "width": "80%",
    }
  }
>
  <Text
    style={
      Object {
        "color": "#273746",
        "fontSize": 15,
        "fontWeight": "600",
      }
    }
  >
    Enter Author name
  </Text>
  <TextInput
    accessibilityLabel="input values"
    allowFontScaling={true}
    autoCapitalize="none"
    onChangeText={[MockFunction]}
    rejectResponderTermination={true}
    style={Object {}}
    underlineColorAndroid="transparent"
    value=""
  />
</View>
`;
